%b = '10100111101010011010101101'
%c = 'A'
%d = '43951789'
%e = '4.39517890000000e+07'
%u = '43951789'
%u = '340282366920938463463374607431724259666'
%f = '43951789.00000000000000'
%g = '43951789.0'
%o = '247523255'
%s = '43951789'
%x = '29ea6ad'
%X = '29EA6AD'
%+d = '+43951789'
%+d = '-43951789'
%+010d = '+0043951789'
%+010d = '-0043951789'

Warning: printf(): Too few arguments in {{CWD}}/test/code/test_printf.php on line 24
%h (no existent) = 
%h (no existent) = #---20 
%'.-20s = hello...............
%'.20s  = ...............hello
%2s     = hello
%20.10e =     1.5510000000e+01
%20.10E =     1.5510000000E+01
%20.10f =        15.5100000000
%20.10F =        15.5100000000
%20.10g =                15.51
%20.10G =                15.51
