Says: [world a] OK
Says: [world b] OK
Says: [world c] OK
Says: [world d] OK
