string(10) "strawberry"
array(3) {
  [0]=>
  string(6) "orange"
  [1]=>
  string(6) "banana"
  [2]=>
  string(5) "apple"
}
