string(12) "Hello World!"
string(12) "HELLO WORLD!"
string(12) "Hello World!"
string(12) "Hello|world!"
string(12) "Hello|World!"
string(12) "Hello world!"
string(12) "HELLO WORLD!"
string(12) "Hello world!"
