BEGIN
not found in __autoload: myclass
including... myclass
LOADED
