int(0)
bool(false)
int(27)
bool(false)
int(17)
bool(false)
int(29)
