array(4) {
  [0]=>
  string(1) "a"
  [1]=>
  string(1) "b"
  [6]=>
  string(1) "c"
  [7]=>
  string(1) "d"
}
