array(3) {
  [0]=>
  string(13) "test/classes/"
  [1]=>
  string(10) "test/code/"
  [2]=>
  string(14) "test/requests/"
}
