
Warning: constant(): Couldn't find constant __FILE__ in {{CWD}}/test/code/test_constant_file.php on line 3
NULL
