hello \\"limbo!"\\
echo 'Inception lvl 1...
'; eval('echo "Inception lvl 2...
"; eval("echo \'Inception lvl 3...
\'; eval(\'echo \"Limbo!\";\');");');