
Notice: Use of undefined constant MAX_INT - assumed 'MAX_INT' in {{CWD}}/test/code/test_const_undef.php on line 3
MAX_INT
