
Notice: Undefined variable: a in {{CWD}}/test/code/test_ternary.php on line 3
0
int(0)
string(8) "no value"
