
Warning:  Cannot use a scalar value as an array in {{CWD}}/test/code/test_array_auto_error.php on line 4
int(10)

