string(21) "{application, ephp, ["
string(50) "sh: 1: Syntax error: EOF in backquote substitution"
