[Alien     ]
[-=-=-Alien]
[__Alien___]
[Alien_]
[Alien]
[.,_.,_.Alien.,_.,_.]
