object(MyClass)#1 (0) {
}
object(MyClass)#2 (0) {
}
strlen = 2
1
1
2
2
