object(stdClass)#1 (1) {
  ["data"]=>
  int(10)
}
