give me an OK => 1
give me a FAIL => 0
Project\Codes
Project\Codes | gave => 1
Project\Codes | gave => 0
