we are going to out...
OK
we are going to die!...
dying!