Inception lvl 1...
Inception lvl 2...
Inception lvl 3...
Limbo!