string(12) "Hello World!"
string(12) "HELLO WORLD!"
string(12) "Hello World!"
string(12) "Hello|world!"
string(12) "Hello|World!"
string(12) "Hello world!"
string(12) "HELLO WORLD!"
string(12) "Hello world!"
string(10) "helloWorld"
string(12) "hELLO WORLD!"
string(12) "hELLO WORLD!"
