MyCode\Hello::__construct -- Hello world!
MyCode\Hello::__construct -- Hello world!
Hello already created!
