string(32) "		These are a few words :) ...  "
string(16) "	Example string
"
string(11) "Hello World"

string(30) "		These are a few words :) ..."
string(30) "		These are a few words :) ..."
string(26) "		These are a few words :)"
string(26) "		These are a few words :)"
string(9) "Hello Wor"
string(9) "Hello Wor"
string(15) "	Example string"
string(15) "	Example string"
