namespacename\classname::__construct
namespacename\classname::__construct
namespacename\funcname
namespacename\funcname
namespaced
namespaced
