
Notice: Undefined offset 100 in {{CWD}}/test/code/test_undef_index.php on line 6
OK
