Number of arguments: 3 
Second argument is: 2
Argument 0 is: 1
Argument 1 is: 2
Argument 2 is: 3
